// Vitest Snapshot v1, https://vitest.dev/guide/snapshot.html

exports[`unit:changelog/models/ChangelogFormatter > #formatEntry > first entry > should return formatted changelog entry 1`] = `
"## grease@1.0.0 (2021-08-15)

### :package: Build

- [[\`d7dd980\`](https://github.com/flex-development/grease/commit/d7dd9804da2da2e702e4535dbb2c39588981f8e4)] **deps-dev:** bump \`eslint-plugin-jsdoc\` to \`36.0.6\`
- [[\`9154d92\`](https://github.com/flex-development/grease/commit/9154d924ed1f081deaf913dfdef91bc74c37b792)] **deps-dev:** remove extraneous dependency \`ts-loader\`
- [[\`60789a6\`](https://github.com/flex-development/grease/commit/60789a6be855b4d81bdb951d1a3b05b46eb689df)] **deps:** bump @types/debug from 4.1.5 to 4.1.7 ([#1](https://github.com/flex-development/grease/issues/1))
- [[\`6f0d77a\`](https://github.com/flex-development/grease/commit/6f0d77a77ab56048a1c692900d10c666c8cad071)] **deps:** bump @types/lodash from 4.14.170 to 4.14.171 ([#3](https://github.com/flex-development/grease/issues/3))
- [[\`8504d8b\`](https://github.com/flex-development/grease/commit/8504d8be10064d89743c6de2af12dca9a2664265)] **deps:** bump @types/lodash from 4.14.171 to 4.14.172 ([#6](https://github.com/flex-development/grease/issues/6))
- [[\`8bbc133\`](https://github.com/flex-development/grease/commit/8bbc133947d49b550866fa72ff14a9199569e0fe)] **deps:** bump chalk from 4.1.1 to 4.1.2 ([#2](https://github.com/flex-development/grease/issues/2))
- [[\`8e5ec25\`](https://github.com/flex-development/grease/commit/8e5ec256d72e000e1f6d417caaedc12bd8391467)] **node:** add types only production build

### :pencil: Documentation

- [[\`857f9b0\`](https://github.com/flex-development/grease/commit/857f9b01333fe9b5c8d5a7b69bb4a4d6f50fd9c5)] code reviews
- [[\`a8fff2f\`](https://github.com/flex-development/grease/commit/a8fff2f748de5773d2eeb43ebef8fcb2b2804b0e)] fix link to "Generating Release Notes" section
- [[\`e74300f\`](https://github.com/flex-development/grease/commit/e74300f0bc933b992170a044390ca337497aecf5)] releasing
- [[\`fa65fde\`](https://github.com/flex-development/grease/commit/fa65fde247ee9e709e2da7a42a59e6ef0fa1a690)] update \`Getting Started\` section in \`README\`
- [[\`b0ad929\`](https://github.com/flex-development/grease/commit/b0ad929ece55c29d6b33521c39c0ecdb0a00f8b6)] update contributing guide
- [[\`73f2f1c\`](https://github.com/flex-development/grease/commit/73f2f1c31b6749f73fbb94941aae52d356d058b1)] update usage examples

### :sparkles: Features

- [[\`2e5894a\`](https://github.com/flex-development/grease/commit/2e5894a273d809a1f595a3e318f4e99656389f0c)] **node:** \`GreaseOptions.gitdir\`
- [[\`2b697aa\`](https://github.com/flex-development/grease/commit/2b697aada7bbb6c5f593f6ac2e32ee187b760700)] **node:** \`GreaseOptions.verify\`
- [[\`105ec5b\`](https://github.com/flex-development/grease/commit/105ec5b5a95b545d4dae9a2e5accc00b95f1494c)] **node:** add \`GreaseScripts.postrelease\`
- [[\`fc61afa\`](https://github.com/flex-development/grease/commit/fc61afacf4cb74d6c5173d7c97a0a82174a7ef56)] **node:** release branch whitelist
- [[\`38bedbc\`](https://github.com/flex-development/grease/commit/38bedbcaca0c84812519b5c65a6f8f6802c7b50c)] **node:** validate release data during \`greaser\` lifecycle

### :bug: Fixes

- [[\`8e65403\`](https://github.com/flex-development/grease/commit/8e65403f2290ad6269d8f36d3df9599e85f7d070)] \`commitlint.config\`
- [[\`5d34043\`](https://github.com/flex-development/grease/commit/5d34043d3a286673246f67789301fa7fbb30d100)] eslint typescript project settings
- [[\`fbe5265\`](https://github.com/flex-development/grease/commit/fbe5265945f0ff1b986c1a05486f7a2a8014a6cc)] **node:** \`cannot read property 'options' of undefined\`
- [[\`20abaf1\`](https://github.com/flex-development/grease/commit/20abaf1c01c3e9101d7831d1679aede152e8c4ae)] **node:** \`CreateReleaseDTO validation failure: [files,version]\`
- [[\`9cd322c\`](https://github.com/flex-development/grease/commit/9cd322c035c7e50e13b7d8a89c20d8cc21feaa8d)] **node:** \`CreateReleaseDTO validation failure: [version]\`
- [[\`a1a6f86\`](https://github.com/flex-development/grease/commit/a1a6f863f8185dbcdcf2ab8fc26f546b0ed1c45d)] **node:** \`CreateReleaseDTO#toString\`
- [[\`4dfdbe4\`](https://github.com/flex-development/grease/commit/4dfdbe4ee1be6bf0bca4485ff66e341a5921abd0)] **node:** \`CreateReleaseDTO#toString\`
- [[\`622d9ac\`](https://github.com/flex-development/grease/commit/622d9aca2c5044ff3cfc9ed1141b660b1787be34)] **node:** \`CreateReleaseDTO#toString\`
- [[\`4f90f0b\`](https://github.com/flex-development/grease/commit/4f90f0be1e348bf230ea34e1cc9a1191ece93fdc)] **node:** \`grease/main\` runs \`options.scripts.prerelease\` twice
- [[\`c6c9db0\`](https://github.com/flex-development/grease/commit/c6c9db0e4b44a1694dbb16327ad8451485c58d21)] **node:** \`grease/main\` runs \`options.scripts.prerelease\` twice
- [[\`fd8aece\`](https://github.com/flex-development/grease/commit/fd8aeceda095c05708c4b62359b1c04ef1c1e7ef)] **node:** \`GreaseOptions.infile\` decorator
- [[\`0a82c6e\`](https://github.com/flex-development/grease/commit/0a82c6e296d933fe6aefc3067ea922c1e59a0b0a)] **node:** \`IsTargetBranchConstraint.validate\`
- [[\`a49eb3b\`](https://github.com/flex-development/grease/commit/a49eb3bdca948b6c659f1d8329da6e85410fd807)] **node:** \`package.json#types\`
- [[\`36daabb\`](https://github.com/flex-development/grease/commit/36daabbbd1318e3c8fc057c6e4e37c17dd6e102e)] **node:** \`standard-version/lib/run-lifecycle-script\` usage
- [[\`68ccc1f\`](https://github.com/flex-development/grease/commit/68ccc1fab3f2c5423b29fe452a7a26f6e44bf158)] **node:** \`updaters_1.default is not a function\`
- [[\`8b3b8f4\`](https://github.com/flex-development/grease/commit/8b3b8f49cc58fab46b6059a1b3c2c9928e7a1786)] **node:** add \`GreaseScripts.postdepchecker\`
- [[\`91f560a\`](https://github.com/flex-development/grease/commit/91f560a5b00474f614831e451f069b04ebc495a1)] **node:** release tagging
- [[\`eff36a2\`](https://github.com/flex-development/grease/commit/eff36a28f58f0df47e7d743f673473870a252d02)] **scripts:** \`check:style\`
- [[\`3febb13\`](https://github.com/flex-development/grease/commit/3febb13dd383214d240f118839fc7d0052cd3098)] **typescript:** \`@zerollup/ts-transform-paths\` usage

### :house_with_garden: Housekeeping

- [[\`d3e9f8a\`](https://github.com/flex-development/grease/commit/d3e9f8ae00bdddd11f64849cfe9a20ec7bb872c0)] \`yarn set version 3.0.1\`
- [[\`34a51ba\`](https://github.com/flex-development/grease/commit/34a51ba8be5ef5822eaf34ea9d403122c9c1d56b)] add \`CHANGELOG\` files to \`.prettierignore\`
- [[\`3bbf8be\`](https://github.com/flex-development/grease/commit/3bbf8be104c85f30ee0674af96b252761a170018)] add \`publish:node\` script
- [[\`3d88b50\`](https://github.com/flex-development/grease/commit/3d88b50c95996d3b8794219b4ef2025645066fc5)] add \`scope:cache\` label
- [[\`2f29aa3\`](https://github.com/flex-development/grease/commit/2f29aa3698cf31043389f43502b7423c2dd106af)] P010-1 initial commit
- [[\`25ac6a6\`](https://github.com/flex-development/grease/commit/25ac6a6bb0d0c7569c33200a614a03c523ed9f8c)] P010-3 #done #time 15m
- [[\`1d609e9\`](https://github.com/flex-development/grease/commit/1d609e9ac2a411106a1eb425c683b257de71fc3e)] replace \`scope:grease-cli\` with \`scope:cli\`
- [[\`0e63fc7\`](https://github.com/flex-development/grease/commit/0e63fc7a1448d0d91dcee5243e8286feb119f5ff)] replace \`scope:grease\` label with \`scope:node\`
- [[\`0bd0082\`](https://github.com/flex-development/grease/commit/0bd0082a6e9f7a664f7e76969422b00ae108d721)] run \`yarn bootstrap\`
- [[\`127aea5\`](https://github.com/flex-development/grease/commit/127aea5c5131f8b40042d4a10c4b07a79e7c3ea2)] update publish config
- [[\`796873b\`](https://github.com/flex-development/grease/commit/796873b1343c11eaabd68a7a7eeb50759ff56314)] **node-release:** allow users to download package from github
- [[\`d15c166\`](https://github.com/flex-development/grease/commit/d15c166d75c60208b690e4d829c4d6065d2c62d3)] **node-scripts:** add release workflow script
- [[\`eb097c0\`](https://github.com/flex-development/grease/commit/eb097c0979a136892b6d2ac20d82c4ae5895be10)] **node-scripts:** update release workflow
- [[\`78a4b6a\`](https://github.com/flex-development/grease/commit/78a4b6ab20dfd8f1f37fd87e1287370e97cc23c7)] **node-scripts:** update release workflow
- [[\`92c75a1\`](https://github.com/flex-development/grease/commit/92c75a157935246168ac8314c722dd24bf60dcd5)] **node:** add \`prepublish\` script
- [[\`800d232\`](https://github.com/flex-development/grease/commit/800d2329212633c3974a9ec1b5bf33fda929fc34)] **node:** update \`package.json#publishConfig\`
- [[\`0de83c3\`](https://github.com/flex-development/grease/commit/0de83c3fdf156d683fd8c5ff4519c741b536c6e5)] **release:** @flex-development/grease@1.0.0

### :mechanical_arm: Refactors

- [[\`2267cb8\`](https://github.com/flex-development/grease/commit/2267cb8126e205b2b2955313d430e5144830a681)] implement monorepo architecture
- [[\`eddf14f\`](https://github.com/flex-development/grease/commit/eddf14fa2e68a9bfc9fe57ab5b541010f12866b5)] **node:** \`CreateReleaseDTO.files\` validation options
- [[\`7387e1a\`](https://github.com/flex-development/grease/commit/7387e1abff4f1d823cce80e5c44f6a95cfaa894b)] **node:** \`grease/main\` error log
- [[\`99a20e5\`](https://github.com/flex-development/grease/commit/99a20e5fc3ba39b15ebd7c1880c408bd0c5c2c25)] **node:** \`greaser\` lifecycle logging
- [[\`c319f84\`](https://github.com/flex-development/grease/commit/c319f840cff16462260e17f54c8862c13408b56c)] **node:** lifecycle logs
- [[\`c3bb103\`](https://github.com/flex-development/grease/commit/c3bb1038064468a01b2503b950a4644331256e82)] **node:** validation api

### :wastebasket: Reverts

- [[\`f56dea7\`](https://github.com/flex-development/grease/commit/f56dea7be7c0ab10c37972a76710b0a27362f9cd)] **node:** add types only production build
"
`;

exports[`unit:changelog/models/ChangelogFormatter > #formatEntry > unreleased entry > should return formatted changelog entry 1`] = `
"## [grease@2.0.0+ae99e7e800dcbef9e7b5720493e073e7dc7827ab](https://github.com/flex-development/grease/compare/grease@2.0.0...ae99e7e800dcbef9e7b5720493e073e7dc7827ab) (2023-09-25)

### ⚠ BREAKING CHANGES

- init project rewrite

### :package: Build

- [[\`40f0434\`](https://github.com/flex-development/grease/commit/40f0434ac3d624a322162118c9318b92b30fa59a)] **deps-dev:** bump @arethetypeswrong/cli from 0.10.1 to 0.10.2 ([#103](https://github.com/flex-development/grease/issues/103))
- [[\`29565d5\`](https://github.com/flex-development/grease/commit/29565d57ad643c2594115f895c4587cc0be0a55e)] **deps-dev:** bump @arethetypeswrong/cli from 0.10.2 to 0.11.0 ([#125](https://github.com/flex-development/grease/issues/125))
- [[\`016d957\`](https://github.com/flex-development/grease/commit/016d9578e634c7efe3f31ddb24bc040352c70206)] **deps-dev:** bump @arethetypeswrong/cli from 0.9.0 to 0.10.1 ([#89](https://github.com/flex-development/grease/issues/89))
- [[\`5d9fcb4\`](https://github.com/flex-development/grease/commit/5d9fcb406a69933e6da202012646c3b03cdb5384)] **deps-dev:** bump @faker-js/faker from 8.0.2 to 8.1.0 ([#115](https://github.com/flex-development/grease/issues/115))
- [[\`7a32453\`](https://github.com/flex-development/grease/commit/7a32453742ae83b32d58828b9aefe56f423babf1)] **deps-dev:** bump @swc/core from 1.3.81 to 1.3.82 ([#82](https://github.com/flex-development/grease/issues/82))
- [[\`4ec551c\`](https://github.com/flex-development/grease/commit/4ec551c367e5ab8aaa0859e162ee70b6fe2bd330)] **deps-dev:** bump cspell from 7.2.0 to 7.3.2 ([#84](https://github.com/flex-development/grease/issues/84))
- [[\`7e60047\`](https://github.com/flex-development/grease/commit/7e60047a0e6cceac59c0fc358eaf8cb8f2e1ca47)] **deps-dev:** bump cspell from 7.3.2 to 7.3.5 ([#106](https://github.com/flex-development/grease/issues/106))
- [[\`c430ef8\`](https://github.com/flex-development/grease/commit/c430ef87820184460ac4ca94d73a49aed2baa2cc)] **deps-dev:** bump cspell from 7.3.5 to 7.3.6 ([#107](https://github.com/flex-development/grease/issues/107))
- [[\`062ae1a\`](https://github.com/flex-development/grease/commit/062ae1a5da50866bb62eb640ef2c53c525b19367)] **deps-dev:** bump cspell from 7.3.6 to 7.3.7 ([#129](https://github.com/flex-development/grease/issues/129))
- [[\`a92d2a6\`](https://github.com/flex-development/grease/commit/a92d2a661abca61208dc358443d9dc3ff6ec70cb)] **deps-dev:** bump dprint from 0.40.2 to 0.41.0 ([#105](https://github.com/flex-development/grease/issues/105))
- [[\`4d2a43e\`](https://github.com/flex-development/grease/commit/4d2a43ee68ddada446795dbb86f2e273b964d9c0)] **deps-dev:** bump esbuild from 0.19.2 to 0.19.3 ([#110](https://github.com/flex-development/grease/issues/110))
- [[\`b2bc507\`](https://github.com/flex-development/grease/commit/b2bc507cd6d78273863861a86a27404d98534eca)] **deps-dev:** bump esbuild from 0.19.3 to 0.19.4 ([#128](https://github.com/flex-development/grease/issues/128))
- [[\`821f801\`](https://github.com/flex-development/grease/commit/821f8019df0fadcf084ccaef358bea4f94cad38c)] **deps-dev:** bump eslint-import-resolver-typescript from 3.6.0 to 3.6.1 ([#120](https://github.com/flex-development/grease/issues/120))
- [[\`0845f72\`](https://github.com/flex-development/grease/commit/0845f7256458f205338d4a2d8bb7b2a695024abf)] **deps-dev:** bump eslint-plugin-import from 2.27.5 to 2.28.1 ([#83](https://github.com/flex-development/grease/issues/83))
- [[\`65e6e72\`](https://github.com/flex-development/grease/commit/65e6e72a3582a1c41e23e35d381ae1ab6216b94e)] **deps-dev:** bump eslint-plugin-yml from 1.8.0 to 1.9.0 ([#104](https://github.com/flex-development/grease/issues/104))
- [[\`67baae5\`](https://github.com/flex-development/grease/commit/67baae5aa99efc871ce140925b36853497633f03)] **deps-dev:** bump the commitlint group with 1 update ([#130](https://github.com/flex-development/grease/issues/130))
- [[\`61cdc46\`](https://github.com/flex-development/grease/commit/61cdc467b9a50bf9c71ab5bfa291b09a1b89f751)] **deps-dev:** bump the eslint group with 1 update ([#121](https://github.com/flex-development/grease/issues/121))
- [[\`9340204\`](https://github.com/flex-development/grease/commit/9340204594cf47f8839ff2c39292dbfbd5edd2fd)] **deps-dev:** bump the eslint group with 1 update ([#96](https://github.com/flex-development/grease/issues/96))
- [[\`28d7526\`](https://github.com/flex-development/grease/commit/28d75265f6453aa7e2b137fe6042c18328a26868)] **deps-dev:** bump the flex-development group with 1 update ([#97](https://github.com/flex-development/grease/issues/97))
- [[\`a05d3b5\`](https://github.com/flex-development/grease/commit/a05d3b54ce1b02f4ab318b74ef364c6b89dd529d)] **deps-dev:** bump the nestjs group with 2 updates ([#118](https://github.com/flex-development/grease/issues/118))
- [[\`ceda859\`](https://github.com/flex-development/grease/commit/ceda859f7483e56d599c1dae4e6fe75801040623)] **deps-dev:** bump the nestjs group with 2 updates ([#135](https://github.com/flex-development/grease/issues/135))
- [[\`c8f387d\`](https://github.com/flex-development/grease/commit/c8f387dd1b4954afe1f6d00b8e50194117cade46)] **deps-dev:** bump the nestjs group with 2 updates ([#98](https://github.com/flex-development/grease/issues/98))
- [[\`b32e5f7\`](https://github.com/flex-development/grease/commit/b32e5f7e25097891490d6906e0dfec061d5daed5)] **deps-dev:** bump the nestjs group with 3 updates ([#80](https://github.com/flex-development/grease/issues/80))
- [[\`1a55024\`](https://github.com/flex-development/grease/commit/1a550245876cbab358fdb58b59bcdce97e31d94e)] **deps-dev:** bump the typescript-eslint group with 2 updates ([#102](https://github.com/flex-development/grease/issues/102))
- [[\`47cc069\`](https://github.com/flex-development/grease/commit/47cc06941e0ecaac0a5f9e22a8e7862fa5b48e4d)] **deps-dev:** bump the typescript-eslint group with 2 updates ([#114](https://github.com/flex-development/grease/issues/114))
- [[\`b13e749\`](https://github.com/flex-development/grease/commit/b13e749e57ad59d9b9af153f6669de9d7d8a985d)] **deps-dev:** bump the typescript-eslint group with 2 updates ([#124](https://github.com/flex-development/grease/issues/124))
- [[\`0759efe\`](https://github.com/flex-development/grease/commit/0759efe0732d29e9253df58e8defdd8258cef5ec)] **deps-dev:** bump the typescript-eslint group with 2 updates ([#132](https://github.com/flex-development/grease/issues/132))
- [[\`64a19f0\`](https://github.com/flex-development/grease/commit/64a19f04b963ccddd534d00d2aa473ff74cdf8d4)] **deps-dev:** bump the typescript-eslint group with 2 updates ([#87](https://github.com/flex-development/grease/issues/87))
- [[\`121e06f\`](https://github.com/flex-development/grease/commit/121e06f262dc9162fc2080b3d7dbb53dffd33efc)] **deps-dev:** bump the vitest group with 3 updates ([#116](https://github.com/flex-development/grease/issues/116))
- [[\`7f6d596\`](https://github.com/flex-development/grease/commit/7f6d596865ed9de5d1b5556d3fb912e488a6bec6)] **deps-dev:** bump the vitest group with 3 updates ([#131](https://github.com/flex-development/grease/issues/131))
- [[\`3ec3b86\`](https://github.com/flex-development/grease/commit/3ec3b86d2b05de02660c48a8382af2e70f5cfcaf)] **deps-dev:** bump vite from 5.0.0-beta.1 to 5.0.0-beta.2 ([#113](https://github.com/flex-development/grease/issues/113))
- [[\`8a9f2ad\`](https://github.com/flex-development/grease/commit/8a9f2adbb8bfb10ef8500a818240996916664fc2)] **deps-dev:** bump vite from 5.0.0-beta.2 to 5.0.0-beta.3 ([#122](https://github.com/flex-development/grease/issues/122))
- [[\`161cc73\`](https://github.com/flex-development/grease/commit/161cc7365a2a61cd714516036f4381a0661e92ee)] **deps-dev:** bump vite from 5.0.0-beta.3 to 5.0.0-beta.4 ([#133](https://github.com/flex-development/grease/issues/133))
- [[\`c7601b5\`](https://github.com/flex-development/grease/commit/c7601b57c47120e416a75989686032177ca82b80)] **deps-dev:** downgrade eslint-plugin-import from 2.28.1 to 2.27.5
- [[\`81ec976\`](https://github.com/flex-development/grease/commit/81ec976436527650a0cf9d69d7c0aad44373240f)] **deps:** bump cosmiconfig from 8.2.0 to 8.3.3 ([#85](https://github.com/flex-development/grease/issues/85))
- [[\`eb7f8f8\`](https://github.com/flex-development/grease/commit/eb7f8f8ec33f8b262a0f42b6b6e6bc85ae539180)] **deps:** bump get-func-name from 2.0.0 to 2.0.2 ([#126](https://github.com/flex-development/grease/issues/126))
- [[\`b8b0ae8\`](https://github.com/flex-development/grease/commit/b8b0ae818cea97b838fa2d53b7f1127eae957042)] **deps:** bump postcss from 8.4.30 to 8.4.31 ([#134](https://github.com/flex-development/grease/issues/134))
- [[\`8a05850\`](https://github.com/flex-development/grease/commit/8a0585023e4ff91c49abd4e09a685abcf82428cc)] **deps:** bump the dependencies group with 1 update ([#119](https://github.com/flex-development/grease/issues/119))
- [[\`cc6b5ae\`](https://github.com/flex-development/grease/commit/cc6b5ae09dfa2eefee267a85ee5d79f9b09f8284)] **deps:** bump the dependencies group with 1 update ([#127](https://github.com/flex-development/grease/issues/127))
- [[\`bba51ea\`](https://github.com/flex-development/grease/commit/bba51ea86679764a3663c60d6095c111b8ed4b47)] **deps:** bump the dependencies group with 1 update ([#136](https://github.com/flex-development/grease/issues/136))
- [[\`83ec01c\`](https://github.com/flex-development/grease/commit/83ec01c2d02ce0d24064486f55b90b30db36a858)] **deps:** bump the dependencies group with 1 update ([#93](https://github.com/flex-development/grease/issues/93))
- [[\`5c4a27c\`](https://github.com/flex-development/grease/commit/5c4a27c9c5d31044539b92e7be6126e9f8a71591)] **deps:** bump the dependencies group with 2 updates ([#108](https://github.com/flex-development/grease/issues/108))
- [[\`dbb2db4\`](https://github.com/flex-development/grease/commit/dbb2db432d63d285c2d8fe0b02cab7e2b3b6d429)] **deps:** bump the dependencies group with 2 updates ([#99](https://github.com/flex-development/grease/issues/99))

### :robot: Continuous Integration

- [[\`ae99e7e\`](https://github.com/flex-development/grease/commit/ae99e7e800dcbef9e7b5720493e073e7dc7827ab)] [[@dependabot](https://github.com/dependabot)] ignore eslint-plugin-import
- [[\`b1f2493\`](https://github.com/flex-development/grease/commit/b1f24935e18038b587fa4f9c8267d7a253e2e2b1)] add codecov status checks
- [[\`ad14c65\`](https://github.com/flex-development/grease/commit/ad14c65fc9e59ac13cdd7edf68357641a84a77f2)] **deps:** bump actions/cache from 3.3.1 to 3.3.2 ([#95](https://github.com/flex-development/grease/issues/95))
- [[\`3885804\`](https://github.com/flex-development/grease/commit/388580481e9494c972391ec29f15891e8c733384)] **deps:** bump actions/checkout from 3.6.0 to 4.0.0 ([#86](https://github.com/flex-development/grease/issues/86))
- [[\`dc05906\`](https://github.com/flex-development/grease/commit/dc05906fde3609c0d54860ed16595540dce04c06)] **deps:** bump actions/checkout from 4.0.0 to 4.1.0 ([#123](https://github.com/flex-development/grease/issues/123))
- [[\`999a933\`](https://github.com/flex-development/grease/commit/999a933c474073a78a3add905369ea49392465e1)] **deps:** bump actions/upload-artifact from 3.1.2 to 3.1.3 ([#92](https://github.com/flex-development/grease/issues/92))
- [[\`e8afc66\`](https://github.com/flex-development/grease/commit/e8afc66f57614b609348eb0cc66d0432f2aa35a2)] **deps:** bump crazy-max/ghaction-import-gpg from 5.3.0 to 6.0.0 ([#101](https://github.com/flex-development/grease/issues/101))
- [[\`3dab080\`](https://github.com/flex-development/grease/commit/3dab080daddaaa4795dc96afa4019742631f86c6)] **workflows:** [\`release\`] set trust on gpg key via action input
- [[\`28319fb\`](https://github.com/flex-development/grease/commit/28319fb614bc96282c23a794ec8e4955b88c3c30)] **workflows:** add \`git\`

### :sparkles: Features

- [[\`bb00e5f\`](https://github.com/flex-development/grease/commit/bb00e5f9c9840aab75bf60a208c4730a3c492bf0)] **bump:** recommended version bump
- [[\`8db3a7e\`](https://github.com/flex-development/grease/commit/8db3a7e0bced6ab5156416d8881eb5b8eb619dbe)] **changelog:** changelog generation
- [[\`513512f\`](https://github.com/flex-development/grease/commit/513512f8c1cabc71d1961436f084378fda8a8e79)] **cli:** [\`InfoCommand\`] \`--pm\`
- [[\`3c5e309\`](https://github.com/flex-development/grease/commit/3c5e30936833b083a625fa975ecd888cb2c1d006)] **cli:** [\`InfoCommand\`] \`--yaml\`
- [[\`094f1b2\`](https://github.com/flex-development/grease/commit/094f1b2d3c28556225d4cb9265ad7a032115e21f)] **cli:** \`BumpCommand\`
- [[\`781362a\`](https://github.com/flex-development/grease/commit/781362a84dd66f2300ba9be4c4443e8d5378b504)] **cli:** \`ChangelogCommand\`
- [[\`9cc8383\`](https://github.com/flex-development/grease/commit/9cc838360d27b660d6897ca8d19d2ec708242dc5)] **cli:** \`InfoCommand\`
- [[\`d7ba51d\`](https://github.com/flex-development/grease/commit/d7ba51dbfc57ed4225ae293ada253682cab3e956)] **config:** \`ConfigService\`
- [[\`47d4d7d\`](https://github.com/flex-development/grease/commit/47d4d7df5fc91193a28a3d2b5904663a2890a0d0)] **decorators:** \`IsManifestId\`, \`IsReleaseVersion\`
- [[\`208898c\`](https://github.com/flex-development/grease/commit/208898c9102c2ab64cf167ed4a391264a5a78ba2)] **decorators:** \`IsNilable\`, \`IsNullable\`, \`IsOptional\`
- [[\`fecff4a\`](https://github.com/flex-development/grease/commit/fecff4a0308c027764350b22fb22fd3370d4c61f)] **models:** \`Commit\`
- [[\`812e10c\`](https://github.com/flex-development/grease/commit/812e10c3a5054733373baeeca6a9134a89a478a8)] **models:** \`Version\`
- [[\`17c153f\`](https://github.com/flex-development/grease/commit/17c153f409200d10e6e40f66826740c16208e63e)] **providers:** \`BumpService\`
- [[\`b61cac0\`](https://github.com/flex-development/grease/commit/b61cac0a01f3d6d78e05b410bb4008842ffe16c4)] **providers:** \`GitService\`
- [[\`bfb3642\`](https://github.com/flex-development/grease/commit/bfb364275b741d4892afcc438a7761b46115f34b)] **providers:** \`PackageService\`
- [[\`3b83e65\`](https://github.com/flex-development/grease/commit/3b83e65d8f4790756dcf8fb101b42f85e836b13e)] **providers:** \`ValidationService\`

### :house_with_garden: Housekeeping

- [[\`2e9d40f\`](https://github.com/flex-development/grease/commit/2e9d40f4f584f6c4cb47eb366506698bae9a9fb3)] [dprint] update config
- [[\`668b2e3\`](https://github.com/flex-development/grease/commit/668b2e3745e29b5f5b7b62ff56959b5d1c489528)] **tests:** [codecov] configure components

### :mechanical_arm: Refactors

- [[\`0390249\`](https://github.com/flex-development/grease/commit/03902492c39df7c299b731072480494f5527b75a)] cqrs integration
- [[\`455c149\`](https://github.com/flex-development/grease/commit/455c1497e3ed5019ab0ebd234509703dadba206a)] init project rewrite
"
`;
