// Vitest Snapshot v1, https://vitest.dev/guide/snapshot.html

exports[`unit:providers/GitService > #commits > should return parsed commit array 1`] = `
[
  {
    "author": {
      "email": "unicornware@flexdevelopment.llc",
      "name": "Lex",
    },
    "body": "",
    "breaking": false,
    "breaking_changes": [],
    "date": "2023-09-09T23:59:31+00:00",
    "hash": "a399eae",
    "header": "release: 1.0.0-alpha.23 (#361)",
    "mentions": [],
    "pr": 361,
    "references": [
      {
        "action": null,
        "number": 361,
        "owner": null,
        "ref": "#361",
        "repo": null,
      },
    ],
    "scope": null,
    "sha": "a399eaeff03a88cdb1d59fc1fb42d88fcdc773fe",
    "subject": "1.0.0-alpha.23 (#361)",
    "tags": [
      "1.0.0-alpha.23",
    ],
    "trailers": [
      {
        "token": "Signed-off-by",
        "value": "Lexus Drumgold <unicornware@flexdevelopment.llc>",
      },
    ],
    "type": "release",
    "version": "1.0.0-alpha.23",
  },
  {
    "author": {
      "email": "unicornware@flexdevelopment.llc",
      "name": "Lexus Drumgold",
    },
    "body": "- prettier 3.0 formatting has degraded in quality for js-like files, but the team refuses to fix it
- prettier can be removed completely once dprint has its own yaml plugin + better json5 support
- prettier markdown formatting was always subpar; it never played nicely with markdownlint
- prettier/prettier#15358
- prettier/prettier#5715
- prettier/prettier#11881
- dprint/dprint#736
- dprint/dprint-plugin-typescript#432",
    "breaking": false,
    "breaking_changes": [],
    "date": "2023-09-09T19:00:25-04:00",
    "hash": "7f578c9",
    "header": "chore: dprint migration",
    "mentions": [],
    "pr": null,
    "references": [
      {
        "action": null,
        "number": 15358,
        "owner": "prettier",
        "ref": "#15358",
        "repo": "prettier",
      },
      {
        "action": null,
        "number": 5715,
        "owner": "prettier",
        "ref": "#5715",
        "repo": "prettier",
      },
      {
        "action": null,
        "number": 11881,
        "owner": "prettier",
        "ref": "#11881",
        "repo": "prettier",
      },
      {
        "action": null,
        "number": 736,
        "owner": "dprint",
        "ref": "#736",
        "repo": "dprint",
      },
      {
        "action": null,
        "number": 432,
        "owner": "dprint",
        "ref": "#432",
        "repo": "dprint-plugin-typescript",
      },
    ],
    "scope": null,
    "sha": "7f578c90c69d12b283e49b9036c06029585630f8",
    "subject": "dprint migration",
    "tags": [],
    "trailers": [
      {
        "token": "Signed-off-by",
        "value": "Lexus Drumgold <unicornware@flexdevelopment.llc>",
      },
    ],
    "type": "chore",
    "version": null,
  },
  {
    "author": {
      "email": "unicornware@flexdevelopment.llc",
      "name": "Lexus Drumgold",
    },
    "body": "- https://github.com/flex-development/nest-commander/releases/tag/1.0.0-alpha.1",
    "breaking": false,
    "breaking_changes": [],
    "date": "2023-09-09T06:16:46-04:00",
    "hash": "6624182",
    "header": "build(deps-dev): use @flex-development/nest-commander in lieu of nest-commander",
    "mentions": [],
    "pr": null,
    "references": [],
    "scope": "deps-dev",
    "sha": "6624182ccc862dd2a690225372fb825b8c4b6714",
    "subject": "use @flex-development/nest-commander in lieu of nest-commander",
    "tags": [],
    "trailers": [
      {
        "token": "Signed-off-by",
        "value": "Lexus Drumgold <unicornware@flexdevelopment.llc>",
      },
    ],
    "type": "build",
    "version": null,
  },
  {
    "author": {
      "email": "unicornware@flexdevelopment.llc",
      "name": "Lexus Drumgold",
    },
    "body": "",
    "breaking": false,
    "breaking_changes": [],
    "date": "2023-09-09T03:39:03-04:00",
    "hash": "978ffe9",
    "header": "fix(plugins): [\`decorators\`] decorator check",
    "mentions": [],
    "pr": null,
    "references": [],
    "scope": "plugins",
    "sha": "978ffe9ec9abfb25868f6ff547cfd45c87c4111a",
    "subject": "[\`decorators\`] decorator check",
    "tags": [],
    "trailers": [
      {
        "token": "Signed-off-by",
        "value": "Lexus Drumgold <unicornware@flexdevelopment.llc>",
      },
    ],
    "type": "fix",
    "version": null,
  },
  {
    "author": {
      "email": "49699333+dependabot[bot]@users.noreply.github.com",
      "name": "dependabot[bot]",
    },
    "body": "",
    "breaking": false,
    "breaking_changes": [],
    "date": "2023-08-15T04:19:29+00:00",
    "hash": "613a69a",
    "header": "build(deps): Bump the flex-development group with 3 updates (#330)",
    "mentions": [],
    "pr": 330,
    "references": [
      {
        "action": null,
        "number": 330,
        "owner": null,
        "ref": "#330",
        "repo": null,
      },
    ],
    "scope": "deps",
    "sha": "613a69aae2ce4087e0e6a4eebfdc3b535bcf88b8",
    "subject": "Bump the flex-development group with 3 updates (#330)",
    "tags": [],
    "trailers": [
      {
        "token": "Signed-off-by",
        "value": "dependabot[bot] <support@github.com>",
      },
      {
        "token": "Co-authored-by",
        "value": "dependabot[bot] <49699333+dependabot[bot]@users.noreply.github.com>",
      },
    ],
    "type": "build",
    "version": null,
  },
  {
    "author": {
      "email": "unicornware@flexdevelopment.llc",
      "name": "Lexus Drumgold",
    },
    "body": "",
    "breaking": true,
    "breaking_changes": [
      {
        "scope": "utils",
        "subject": "[\`analyzeOutputs\`] intake \`esbuild.Metafile['outputs']\`",
        "type": "refactor",
      },
    ],
    "date": "2023-04-07T19:38:09-04:00",
    "hash": "f467b4b",
    "header": "refactor(utils)!: [\`analyzeOutputs\`] intake \`esbuild.Metafile['outputs']\`",
    "mentions": [],
    "pr": null,
    "references": [],
    "scope": "utils",
    "sha": "f467b4bae340a83d126c8dc80b75af0a912d7ff7",
    "subject": "[\`analyzeOutputs\`] intake \`esbuild.Metafile['outputs']\`",
    "tags": [],
    "trailers": [
      {
        "token": "Signed-off-by",
        "value": "Lexus Drumgold <unicornware@flexdevelopment.llc>",
      },
    ],
    "type": "refactor",
    "version": null,
  },
  {
    "author": {
      "email": "unicornware@flexdevelopment.llc",
      "name": "Lexus Drumgold",
    },
    "body": "- https://esbuild.github.io/api/#watch
- replaced \`esbuilder\` with \`createContext\` to support watch mode (and in the future, serve + live reload)
- started adding cli flags
- overhauled interfaces",
    "breaking": true,
    "breaking_changes": [
      {
        "scope": null,
        "subject": "watch mode",
        "type": "feat",
      },
    ],
    "date": "2023-03-31T02:50:34-04:00",
    "hash": "f1decde",
    "header": "feat!: watch mode",
    "mentions": [],
    "pr": null,
    "references": [],
    "scope": null,
    "sha": "f1decde8597173569c69f8df8b013559231ff18b",
    "subject": "watch mode",
    "tags": [],
    "trailers": [
      {
        "token": "Signed-off-by",
        "value": "Lexus Drumgold <unicornware@flexdevelopment.llc>",
      },
    ],
    "type": "feat",
    "version": null,
  },
  {
    "author": {
      "email": "unicornware@flexdevelopment.llc",
      "name": "Lexus Drumgold",
    },
    "body": "- import.meta.url may be used in build config (e.g. evanw/esbuild#1921)
- https://github.com/unjs/mlly/blob/v0.5.14/src/eval.ts#L17-L38",
    "breaking": false,
    "breaking_changes": [],
    "date": "2022-09-27T03:23:45-04:00",
    "hash": "3e9c7c8",
    "header": "fix(config): prevent \`import.meta.url\` from being rewritten",
    "mentions": [],
    "pr": null,
    "references": [
      {
        "action": null,
        "number": 1921,
        "owner": "evanw",
        "ref": "#1921",
        "repo": "esbuild",
      },
    ],
    "scope": "config",
    "sha": "3e9c7c881cbc93156fe31176c7a0090e698dfac6",
    "subject": "prevent \`import.meta.url\` from being rewritten",
    "tags": [],
    "trailers": [
      {
        "token": "Signed-off-by",
        "value": "Lexus Drumgold <unicornware@flexdevelopment.llc>",
      },
    ],
    "type": "fix",
    "version": null,
  },
  {
    "author": {
      "email": "unicornware@flexdevelopment.llc",
      "name": "Lex",
    },
    "body": "",
    "breaking": false,
    "breaking_changes": [],
    "date": "2022-09-15T21:22:09-04:00",
    "hash": "1601d26",
    "header": "feat: file-to-file transpilation (#4)",
    "mentions": [],
    "pr": 4,
    "references": [
      {
        "action": null,
        "number": 4,
        "owner": null,
        "ref": "#4",
        "repo": null,
      },
    ],
    "scope": null,
    "sha": "1601d268bce74abafab6a4b0d0e244b35dd1e808",
    "subject": "file-to-file transpilation (#4)",
    "tags": [],
    "trailers": [
      {
        "token": "Signed-off-by",
        "value": "Lexus Drumgold <unicornware@flexdevelopment.llc>",
      },
    ],
    "type": "feat",
    "version": null,
  },
  {
    "author": {
      "email": "unicornware@flexdevelopment.llc",
      "name": "Lexus Drumgold",
    },
    "body": "",
    "breaking": false,
    "breaking_changes": [],
    "date": "2022-09-01T00:37:08-04:00",
    "hash": "9c58d1c",
    "header": "ci: add @dependabot config",
    "mentions": [
      "dependabot",
    ],
    "pr": null,
    "references": [],
    "scope": null,
    "sha": "9c58d1ca753406bbba92c729360b9b6e400a6e9a",
    "subject": "add @dependabot config",
    "tags": [],
    "trailers": [
      {
        "token": "Signed-off-by",
        "value": "Lexus Drumgold <unicornware@flexdevelopment.llc>",
      },
    ],
    "type": "ci",
    "version": null,
  },
  {
    "author": {
      "email": "unicornware@flexdevelopment.llc",
      "name": "Lexus Drumgold",
    },
    "body": "",
    "breaking": false,
    "breaking_changes": [],
    "date": "2022-09-01T00:34:48-04:00",
    "hash": "50385b6",
    "header": "initial commit",
    "mentions": [],
    "pr": null,
    "references": [],
    "scope": null,
    "sha": "50385b68593d7b07f269631af0ca551539fe22d0",
    "subject": "",
    "tags": [],
    "trailers": [
      {
        "token": "Signed-off-by",
        "value": "Lexus Drumgold <unicornware@flexdevelopment.llc>",
      },
    ],
    "type": "",
    "version": null,
  },
]
`;

exports[`unit:providers/GitService > #tags > should return tags array with unstable tags 1`] = `
[
  "1.0.0-alpha.22",
  "1.0.0-alpha.21",
  "1.0.0-alpha.20",
  "1.0.0-alpha.19",
  "1.0.0-alpha.18",
  "1.0.0-alpha.17",
  "1.0.0-alpha.16",
  "1.0.0-alpha.15",
  "1.0.0-alpha.14",
  "1.0.0-alpha.13",
  "1.0.0-alpha.12",
  "1.0.0-alpha.11",
  "1.0.0-alpha.10",
  "1.0.0-alpha.9",
  "1.0.0-alpha.8",
  "1.0.0-alpha.7",
  "1.0.0-alpha.6",
  "1.0.0-alpha.5",
  "1.0.0-alpha.4",
  "1.0.0-alpha.3",
  "1.0.0-alpha.2",
  "1.0.0-alpha.1",
]
`;

exports[`unit:providers/GitService > #tags > should return tags array without unstable tags 1`] = `
[
  "tutils@5.0.1",
  "tutils@5.0.0",
  "tutils@4.8.0",
  "tutils@4.7.0",
  "tutils@4.6.0",
  "tutils@4.5.0",
  "tutils@4.4.0",
  "tutils@4.3.0",
  "tutils@4.2.3",
  "tutils@4.2.2",
  "tutils@4.2.1",
  "tutils@4.2.0",
  "tutils@4.1.1",
  "tutils@4.1.0",
  "tutils@4.0.3",
  "tutils@4.0.2",
  "tutils@4.0.1",
  "tutils@4.0.0",
  "tutils@3.1.7",
  "tutils@3.1.6",
  "tutils@3.1.5",
  "tutils@3.1.4",
  "tutils@3.1.3",
  "tutils@3.1.2",
  "tutils@3.1.1",
  "tutils@3.1.0",
  "tutils@3.0.0",
  "tutils@2.0.0",
  "tutils@1.0.0",
]
`;
